
> lazorpass@0.1.0 build
> next build

Γû▓ Next.js 16.1.1 (Turbopack)
- Environments: .env.local

  Creating an optimized production build ...
Γ£ô Compiled successfully in 4.4s
  Running TypeScript ...
  Collecting page data using 7 workers ...
  Generating static pages using 7 workers (0/7) ...
node.exe : bigint: 
Failed to load 
bindings, pure JS 
will be used (try 
npm run rebuild?)
At line:1 char:1
+ & "C:\Program Files
\nodejs/node.exe" 
"C:\Program 
Files\nodejs/node_mo 
...
+ ~~~~~~~~~~~~~~~~~~~
~~~~~~~~~~~~~~~~~~~~~
~~~~~~~~~~~~~~~~~~~~~
~~~~~~~~
    + CategoryInfo   
           : NotSpe  
  cified: (bigint:   
  Failed ...m run    
 rebuild?):Strin    
g) [], RemoteExc    
eption
    + FullyQualified 
   ErrorId : Native  
  CommandError
 
  Generating static pages using 7 workers (1/7) 
  Generating static pages using 7 workers (3/7) 
  Generating static pages using 7 workers (5/7) 
Γ£ô Generating static pages using 7 workers (7/7) in 740.9ms
  Finalizing page optimization ...

Route (app)
Γöî Γùï /
Γö£ Γùï /_not-found
Γö£ ΓùÅ /tutorials/[slug]
Γöé Γö£ /tutorials/01-create-passkey-wallet
Γöé Γöö /tutorials/02-gasless-usdc-transfer
Γöö Γùï /wallet


Γùï  (Static)  prerendered as static content
ΓùÅ  (SSG)     prerendered as static HTML (uses generateStaticParams)

